<?xml version="1.0" encoding="UTF-8"?>
<hydrometrie xmlns:xsi="http://www.w3.org/2001/XMLSchema-instance" xmlns="http://xml.sandre.eaufrance.fr/scenario/hydrometrie/1.1" xsi:schemaLocation="http://xml.sandre.eaufrance.fr/scenario/hydrometrie/1.1 http://xml.sandre.eaufrance.fr/scenario/hydrometrie/1.1/sandre_sc_hydrometrie.xsd">
  <Scenario>
    <CodeScenario>hydrometrie</CodeScenario>
    <VersionScenario>1.1</VersionScenario>
    <NomScenario>Echange de données hydrométriques</NomScenario>
    <DateHeureCreationFichier>2001-12-17T04:30:47</DateHeureCreationFichier>
    <!-- <RefFichier>modele.xml</RefFichier> -->
    <Emetteur>
      <CdIntervenant schemeAgencyID="SANDRE">825</CdIntervenant>
      <CdContact>222</CdContact>
    </Emetteur>
    <Destinataire>
      <CdIntervenant schemeAgencyID="SANDRE">1537</CdIntervenant>
      <CdContact>2</CdContact>
    </Destinataire>
  </Scenario>
  <RefHyd>
    <ModelesPrevision>
      <ModelePrevision>
        <CdContact>1234</CdContact>
        <CdModelePrevision>9876543210</CdModelePrevision>
        <LbModelePrevision>Libellé du modèle</LbModelePrevision>
        <TypModelePrevision>1</TypModelePrevision>
        <DescModelePrevision>Description du modèle</DescModelePrevision>
        <DtMajModelePrevision>2001-12-17T04:30:47</DtMajModelePrevision>
      </ModelePrevision>
      <ModelePrevision>
        <CdModelePrevision>0123456789</CdModelePrevision>
        <TypModelePrevision>0</TypModelePrevision>
      </ModelePrevision>
    </ModelesPrevision>
  </RefHyd>
</hydrometrie>
