<?xml version="1.0"?>
<hydrometrie>
  <Scenario>
    <CodeScenario>hydrometrie</CodeScenario>
    <VersionScenario>1.1</VersionScenario>
    <NomScenario>Echange de données hydrométriques</NomScenario>
    <DateHeureCreationFichier>2010-02-26T07:05:00</DateHeureCreationFichier>
    <Emetteur>
      <CdIntervenant schemaAgencyID="SANDRE">1520</CdIntervenant>
      <CdContact schemaAgencyID="SANDRE">26</CdContact>
    </Emetteur>
    <Destinataire>
      <CdIntervenant schemaAgencyID="SANDRE">1537</CdIntervenant>
    </Destinataire>
  </Scenario>
  <Donnees>
    <Series>
      <Serie>
        <CdSiteHydro>V7144010</CdSiteHydro>
        <GrdSerie>Q</GrdSerie>
        <StatutSerie>4</StatutSerie>
        <ObssHydro>
          <ObsHydro>
            <DtObsHydro>2010-02-26T11:10:00</DtObsHydro>
            <ResObsHydro>20992.0</ResObsHydro>
            <MethObsHydro>0</MethObsHydro>
            <QualifObsHydro>16</QualifObsHydro>
            <ContObsHydro>True</ContObsHydro>
          </ObsHydro>
          <ObsHydro>
            <DtObsHydro>2010-02-26T11:15:00</DtObsHydro>
            <ResObsHydro>21176.0</ResObsHydro>
            <MethObsHydro>0</MethObsHydro>
            <QualifObsHydro>16</QualifObsHydro>
            <ContObsHydro>True</ContObsHydro>
          </ObsHydro>
        </ObssHydro>
      </Serie>
      <Serie>
        <CdStationHydro>V714401001</CdStationHydro>
        <GrdSerie>Q</GrdSerie>
        <StatutSerie>4</StatutSerie>
        <ObssHydro>
          <ObsHydro>
            <DtObsHydro>2010-02-26T13:10:00</DtObsHydro>
            <ResObsHydro>20.0</ResObsHydro>
            <MethObsHydro>12</MethObsHydro>
            <QualifObsHydro>12</QualifObsHydro>
            <ContObsHydro>False</ContObsHydro>
          </ObsHydro>
          <ObsHydro>
            <DtObsHydro>2010-02-26T13:15:00</DtObsHydro>
            <ResObsHydro>21.0</ResObsHydro>
            <MethObsHydro>12</MethObsHydro>
            <QualifObsHydro>8</QualifObsHydro>
            <ContObsHydro>False</ContObsHydro>
          </ObsHydro>
        </ObssHydro>
      </Serie>
      <Serie>
        <CdCapteur>V71440100103</CdCapteur>
        <GrdSerie>H</GrdSerie>
        <StatutSerie>4</StatutSerie>
        <ObssHydro>
          <ObsHydro>
            <DtObsHydro>2010-02-26T13:10:00</DtObsHydro>
            <ResObsHydro>680.0</ResObsHydro>
            <MethObsHydro>4</MethObsHydro>
            <QualifObsHydro>20</QualifObsHydro>
            <ContObsHydro>True</ContObsHydro>
          </ObsHydro>
          <ObsHydro>
            <DtObsHydro>2010-02-26T13:15:00</DtObsHydro>
            <ResObsHydro>684.0</ResObsHydro>
            <MethObsHydro>0</MethObsHydro>
            <QualifObsHydro>20</QualifObsHydro>
            <ContObsHydro>True</ContObsHydro>
          </ObsHydro>
          <ObsHydro>
            <DtObsHydro>2010-02-26T14:55:00</DtObsHydro>
            <ResObsHydro>670.0</ResObsHydro>
            <MethObsHydro>12</MethObsHydro>
            <QualifObsHydro>20</QualifObsHydro>
            <ContObsHydro>True</ContObsHydro>
          </ObsHydro>
        </ObssHydro>
      </Serie>
    </Series>
  </Donnees>
</hydrometrie>
