<?xml version="1.0" encoding="UTF-8"?>
<!-- <hydrometrie xmlns="http://xml.sandre.eaufrance.fr/scenario/hydrometrie/1.1" xmlns:xsi="http://www.w3.org/2001/XMLSchema-instance" xsi:schemaLocation="http://xml.sandre.eaufrance.fr/scenario/hydrometrie/1.1 http://xml.sandre.eaufrance.fr/scenario/hydrometrie/1.1/sandre_sc_hydrometrie.xsd"> -->
<hydrometrie>
  <Scenario>
    <CodeScenario>hydrometrie</CodeScenario>
    <VersionScenario>1.1</VersionScenario>
    <NomScenario>Echange de données hydrométriques</NomScenario>
    <DateHeureCreationFichier>2012-06-04T09:22:44</DateHeureCreationFichier>
    <Emetteur>
      <CdIntervenant schemeAgencyID="SANDRE">1537</CdIntervenant>
      <CdContact>1</CdContact>
    </Emetteur>
    <Destinataire>
      <CdIntervenant schemeAgencyID="SANDRE">1537</CdIntervenant>
    </Destinataire>
  </Scenario>
  <RefHyd>
    <SitesHydro>
      <!-- 1 SEUIL - 1 site hydro simple -->
      <SiteHydro>
        <CdSiteHydro>U2655010</CdSiteHydro>
        <TypSiteHydro>REEL</TypSiteHydro>
        <ValeursSeuilsSiteHydro>
          <ValeursSeuilSiteHydro>
            <CdSeuilSiteHydro>2214</CdSeuilSiteHydro>
            <TypSeuilSiteHydro>1</TypSeuilSiteHydro>
            <NatureSeuilSiteHydro>32</NatureSeuilSiteHydro>
            <DureeSeuilSiteHydro>0.0</DureeSeuilSiteHydro>
            <LbUsuelSeuilSiteHydro>Crue du 24/11/2003</LbUsuelSeuilSiteHydro>
            <MnemoSeuilSiteHydro>Mnemonique</MnemoSeuilSiteHydro>
            <DroitPublicationSeuilSiteHydro>true</DroitPublicationSeuilSiteHydro>
            <IndiceGraviteSeuilSiteHydro>65</IndiceGraviteSeuilSiteHydro>
            <ValForceeSeuilSiteHydro>true</ValForceeSeuilSiteHydro>
            <ComSeuilSiteHydro>Commentaire du seuil</ComSeuilSiteHydro>
            <ValDebitSeuilSiteHydro>7000465.0</ValDebitSeuilSiteHydro>
            <DtActivationSeuilSiteHydro>2010-05-17T13:40:02</DtActivationSeuilSiteHydro>
            <DtDesactivationSeuilSiteHydro>2012-02-19T09:28:00</DtDesactivationSeuilSiteHydro>
            <ToleranceSeuilSiteHydro>0.0</ToleranceSeuilSiteHydro>
            <DtMajSeuilSiteHydro>2012-02-19T08:25:00</DtMajSeuilSiteHydro>
          </ValeursSeuilSiteHydro>
        </ValeursSeuilsSiteHydro>
      </SiteHydro>
      <!-- 1 SEUIL - seuil de gradient pour 1 site et 3 stations-->
      <SiteHydro>
        <CdSiteHydro>O2000040</CdSiteHydro>
        <TypSiteHydro>SOURCE</TypSiteHydro>
        <ValeursSeuilsSiteHydro>
          <ValeursSeuilSiteHydro>
            <CdSeuilSiteHydro>82</CdSeuilSiteHydro>
            <TypSeuilSiteHydro>2</TypSeuilSiteHydro>
            <NatureSeuilSiteHydro>32</NatureSeuilSiteHydro>
            <DureeSeuilSiteHydro>60.0</DureeSeuilSiteHydro>
            <LbUsuelSeuilSiteHydro>Gradient durée 60</LbUsuelSeuilSiteHydro>
            <DroitPublicationSeuilSiteHydro>false</DroitPublicationSeuilSiteHydro>
            <ValDebitSeuilSiteHydro>85.0</ValDebitSeuilSiteHydro>
            <ValeursSeuilsStationHydro>
              <ValeursSeuilStationHydro>
                <CdStationHydro>O200004001</CdStationHydro>
                <ValHauteurSeuilStationHydro>4380.0</ValHauteurSeuilStationHydro>
                <DtActivationSeuilStationHydro>2010-06-10T10:52:57</DtActivationSeuilStationHydro>
                <ToleranceSeuilStationHydro>0.0</ToleranceSeuilStationHydro>
              </ValeursSeuilStationHydro>
              <ValeursSeuilStationHydro>
                <CdStationHydro>O200004002</CdStationHydro>
                <ValHauteurSeuilStationHydro>3520.0</ValHauteurSeuilStationHydro>
                <DtActivationSeuilStationHydro>2010-06-10T11:32:57</DtActivationSeuilStationHydro>
                <DtDesactivationSeuilStationHydro>2013-10-05T05:59:29</DtDesactivationSeuilStationHydro>
              </ValeursSeuilStationHydro>
              <ValeursSeuilStationHydro>
                <CdStationHydro>O200004003</CdStationHydro>
                <ValHauteurSeuilStationHydro>8320.0</ValHauteurSeuilStationHydro>
                <DtActivationSeuilStationHydro>2010-06-10T11:52:57</DtActivationSeuilStationHydro>
                <ToleranceSeuilStationHydro>10.0</ToleranceSeuilStationHydro>
              </ValeursSeuilStationHydro>
            </ValeursSeuilsStationHydro>
            <ToleranceSeuilSiteHydro>5.0</ToleranceSeuilSiteHydro>
            <DtMajSeuilSiteHydro>2014-03-23T09:51:56</DtMajSeuilSiteHydro>
          </ValeursSeuilSiteHydro>
        </ValeursSeuilsSiteHydro>
      </SiteHydro>
      <!-- 4 SEUILS without values -->
      <SiteHydro>
        <CdSiteHydro>O0144020</CdSiteHydro>
        <TypSiteHydro>PLANDEAU</TypSiteHydro>
        <ValeursSeuilsSiteHydro>
          <ValeursSeuilSiteHydro>
            <CdSeuilSiteHydro>1</CdSeuilSiteHydro>
            <TypSeuilSiteHydro>1</TypSeuilSiteHydro>
            <NatureSeuilSiteHydro>22</NatureSeuilSiteHydro>
            <DureeSeuilSiteHydro>0.0</DureeSeuilSiteHydro>
            <MnemoSeuilSiteHydro>Seuil de vigilance JAUNE</MnemoSeuilSiteHydro>
            <DroitPublicationSeuilSiteHydro>false</DroitPublicationSeuilSiteHydro>
            <IndiceGraviteSeuilSiteHydro>25</IndiceGraviteSeuilSiteHydro>
            <ValForceeSeuilSiteHydro>true</ValForceeSeuilSiteHydro>
          </ValeursSeuilSiteHydro>
          <ValeursSeuilSiteHydro>
            <CdSeuilSiteHydro>2</CdSeuilSiteHydro>
            <TypSeuilSiteHydro>1</TypSeuilSiteHydro>
            <NatureSeuilSiteHydro>22</NatureSeuilSiteHydro>
            <DureeSeuilSiteHydro>0.0</DureeSeuilSiteHydro>
            <MnemoSeuilSiteHydro>Seuil de vigilance ORANGE</MnemoSeuilSiteHydro>
            <DroitPublicationSeuilSiteHydro>false</DroitPublicationSeuilSiteHydro>
            <IndiceGraviteSeuilSiteHydro>50</IndiceGraviteSeuilSiteHydro>
            <ValForceeSeuilSiteHydro>true</ValForceeSeuilSiteHydro>
          </ValeursSeuilSiteHydro>
          <ValeursSeuilSiteHydro>
            <CdSeuilSiteHydro>3</CdSeuilSiteHydro>
            <TypSeuilSiteHydro>1</TypSeuilSiteHydro>
            <NatureSeuilSiteHydro>22</NatureSeuilSiteHydro>
            <DureeSeuilSiteHydro>0.0</DureeSeuilSiteHydro>
            <MnemoSeuilSiteHydro>Seuil de vigilance ROUGE</MnemoSeuilSiteHydro>
            <DroitPublicationSeuilSiteHydro>false</DroitPublicationSeuilSiteHydro>
            <IndiceGraviteSeuilSiteHydro>75</IndiceGraviteSeuilSiteHydro>
            <ValForceeSeuilSiteHydro>true</ValForceeSeuilSiteHydro>
          </ValeursSeuilSiteHydro>
          <ValeursSeuilSiteHydro>
            <CdSeuilSiteHydro>4</CdSeuilSiteHydro>
            <TypSeuilSiteHydro>1</TypSeuilSiteHydro>
            <NatureSeuilSiteHydro>32</NatureSeuilSiteHydro>
            <DureeSeuilSiteHydro>0.0</DureeSeuilSiteHydro>
            <LbUsuelSeuilSiteHydro>Crue du 06/11/1997</LbUsuelSeuilSiteHydro>
            <DroitPublicationSeuilSiteHydro>true</DroitPublicationSeuilSiteHydro>
            <ValForceeSeuilSiteHydro>true</ValForceeSeuilSiteHydro>
          </ValeursSeuilSiteHydro>
        </ValeursSeuilsSiteHydro>
      </SiteHydro>
      <!-- 2 SEUILS - with a group by-->
      <SiteHydro>
        <CdSiteHydro>O6793330</CdSiteHydro>
        <TypSiteHydro>REEL</TypSiteHydro>
        <ValeursSeuilsSiteHydro>
          <ValeursSeuilSiteHydro>
            <CdSeuilSiteHydro>338</CdSeuilSiteHydro>
            <TypSeuilSiteHydro>1</TypSeuilSiteHydro>
            <NatureSeuilSiteHydro>22</NatureSeuilSiteHydro>
            <DureeSeuilSiteHydro>0.0</DureeSeuilSiteHydro>
            <MnemoSeuilSiteHydro>Seuil de vigilance JAUNE</MnemoSeuilSiteHydro>
            <DroitPublicationSeuilSiteHydro>false</DroitPublicationSeuilSiteHydro>
            <IndiceGraviteSeuilSiteHydro>25</IndiceGraviteSeuilSiteHydro>
            <ValForceeSeuilSiteHydro>true</ValForceeSeuilSiteHydro>
            <ValDebitSeuilSiteHydro>100.0</ValDebitSeuilSiteHydro>
            <ValeursSeuilsStationHydro>
              <ValeursSeuilStationHydro>
                <CdStationHydro>O679333001</CdStationHydro>
                <ValHauteurSeuilStationHydro>3200.0</ValHauteurSeuilStationHydro>
                <DtActivationSeuilStationHydro>2010-06-11T09:00:31</DtActivationSeuilStationHydro>
                <ToleranceSeuilStationHydro>0.0</ToleranceSeuilStationHydro>
              </ValeursSeuilStationHydro>
            </ValeursSeuilsStationHydro>
          </ValeursSeuilSiteHydro>
          <ValeursSeuilSiteHydro>
            <CdSeuilSiteHydro>341</CdSeuilSiteHydro>
            <TypSeuilSiteHydro>1</TypSeuilSiteHydro>
            <NatureSeuilSiteHydro>32</NatureSeuilSiteHydro>
            <DureeSeuilSiteHydro>0.0</DureeSeuilSiteHydro>
            <LbUsuelSeuilSiteHydro>Crue du 08/04/1994</LbUsuelSeuilSiteHydro>
            <DroitPublicationSeuilSiteHydro>true</DroitPublicationSeuilSiteHydro>
            <IndiceGraviteSeuilSiteHydro>30</IndiceGraviteSeuilSiteHydro>
            <ValForceeSeuilSiteHydro>true</ValForceeSeuilSiteHydro>
            <ValeursSeuilsStationHydro>
              <ValeursSeuilStationHydro>
                <CdStationHydro>O679333001</CdStationHydro>
                <ValHauteurSeuilStationHydro>3500.0</ValHauteurSeuilStationHydro>
                <DtActivationSeuilStationHydro>2010-06-11T09:00:31</DtActivationSeuilStationHydro>
                <ToleranceSeuilStationHydro>0.0</ToleranceSeuilStationHydro>
              </ValeursSeuilStationHydro>
            </ValeursSeuilsStationHydro>
          </ValeursSeuilSiteHydro>
        </ValeursSeuilsSiteHydro>
      </SiteHydro>
      <!-- 1 SEUIL with 4 Q values, only the last is active -->
      <SiteHydro>
        <CdSiteHydro>O3334020</CdSiteHydro>
        <TypSiteHydro>VIRTUEL</TypSiteHydro>
        <ValeursSeuilsSiteHydro>
          <ValeursSeuilSiteHydro>
            <CdSeuilSiteHydro>19</CdSeuilSiteHydro>
            <TypSeuilSiteHydro>1</TypSeuilSiteHydro>
            <NatureSeuilSiteHydro>32</NatureSeuilSiteHydro>
            <DureeSeuilSiteHydro>0.0</DureeSeuilSiteHydro>
            <LbUsuelSeuilSiteHydro>Crue du 24/11/2003</LbUsuelSeuilSiteHydro>
            <DroitPublicationSeuilSiteHydro>true</DroitPublicationSeuilSiteHydro>
            <IndiceGraviteSeuilSiteHydro>65</IndiceGraviteSeuilSiteHydro>
            <ValDebitSeuilSiteHydro>1.0</ValDebitSeuilSiteHydro>
            <DtActivationSeuilSiteHydro>2010-01-01T00:00:00</DtActivationSeuilSiteHydro>
            <DtDesactivationSeuilSiteHydro>2010-12-31T23:59:59</DtDesactivationSeuilSiteHydro>
            <ToleranceSeuilSiteHydro>0.0</ToleranceSeuilSiteHydro>
            <DtMajSeuilSiteHydro>2000-03-23T09:51:56</DtMajSeuilSiteHydro>
          </ValeursSeuilSiteHydro>
          <ValeursSeuilSiteHydro>
            <CdSeuilSiteHydro>19</CdSeuilSiteHydro>
            <ValDebitSeuilSiteHydro>2.0</ValDebitSeuilSiteHydro>
            <DtActivationSeuilSiteHydro>2011-01-01T00:00:00</DtActivationSeuilSiteHydro>
            <DtDesactivationSeuilSiteHydro>2011-12-31T23:59:59</DtDesactivationSeuilSiteHydro>
            <ToleranceSeuilSiteHydro>0.0</ToleranceSeuilSiteHydro>
          </ValeursSeuilSiteHydro>
          <ValeursSeuilSiteHydro>
            <CdSeuilSiteHydro>19</CdSeuilSiteHydro>
            <ValDebitSeuilSiteHydro>3.0</ValDebitSeuilSiteHydro>
            <DtActivationSeuilSiteHydro>2012-01-01T00:00:00</DtActivationSeuilSiteHydro>
            <DtDesactivationSeuilSiteHydro>2012-12-31T23:59:59</DtDesactivationSeuilSiteHydro>
          </ValeursSeuilSiteHydro>
          <ValeursSeuilSiteHydro>
            <CdSeuilSiteHydro>19</CdSeuilSiteHydro>
            <ValDebitSeuilSiteHydro>4.0</ValDebitSeuilSiteHydro>
            <DtActivationSeuilSiteHydro>2013-01-01T00:00:00</DtActivationSeuilSiteHydro>
          </ValeursSeuilSiteHydro>
        </ValeursSeuilsSiteHydro>
      </SiteHydro>
    </SitesHydro>
  </RefHyd>
</hydrometrie>
