<?xml version="1.0" encoding="UTF-8"?>
<!-- <hydrometrie xmlns="http://xml.sandre.eaufrance.fr/scenario/hydrometrie/1.1" xmlns:xsi="http://www.w3.org/2001/XMLSchema-instance" xsi:schemaLocation="http://xml.sandre.eaufrance.fr/scenario/hydrometrie/1.1 http://xml.sandre.eaufrance.fr/scenario/hydrometrie/1.1/sandre_sc_hydrometrie.xsd"> -->
<hydrometrie>
  <Scenario>
    <CodeScenario>hydrometrie</CodeScenario>
    <VersionScenario>1.1</VersionScenario>
    <NomScenario>Echange de données hydrométriques</NomScenario>
    <DateHeureCreationFichier>2010-02-26T08:05:56</DateHeureCreationFichier>
    <Emetteur>
      <CdIntervenant schemeAgencyID="SANDRE">1520</CdIntervenant>
      <CdContact>26</CdContact>
    </Emetteur>
    <Destinataire>
      <CdIntervenant schemeAgencyID="SANDRE">1537</CdIntervenant>
    </Destinataire>
  </Scenario>
  <RefHyd>
    <SitesMeteo>
      <SiteMeteo>
        <CdSiteMeteo>001072001</CdSiteMeteo>
        <LbSiteMeteo>CEYZERIAT_PTC</LbSiteMeteo>
        <LbUsuelSiteMeteo>CEYZERIAT</LbUsuelSiteMeteo>
        <!-- <LieuDitSiteMeteo>Aérodrome de bourg Ceyzeriat</LieuDitSiteMeteo> -->
        <CoordSiteMeteo>
          <CoordXSiteMeteo>827652.0</CoordXSiteMeteo>
          <CoordYSiteMeteo>2112880.0</CoordYSiteMeteo>
          <ProjCoordSiteMeteo>26</ProjCoordSiteMeteo>
        </CoordSiteMeteo>
        <!-- <AltiSiteMeteo> -->
        <!--   <AltitudeSiteMeteo>53</AltitudeSiteMeteo> -->
        <!--   <SysAltimetriqueSiteMeteo>7</SysAltimetriqueSiteMeteo> -->
        <!-- </AltiSiteMeteo> -->
        <!-- <FuseauHoraireSiteMeteo>2</FuseauHoraireSiteMeteo> -->
        <!-- <DtOuvertureSiteMeteo>1950-01-01T00:00:00</DtOuvertureSiteMeteo> -->
        <!-- <DtFermSiteMeteo/> -->
        <!-- <DroitPublicationSiteMeteo>true</DroitPublicationSiteMeteo> -->
        <!-- <EssaiSiteMeteo>0</EssaiSiteMeteo> -->
        <!-- <ComSiteMeteo/> -->
        <!-- <ImagesSiteMeteo> -->
        <!--   <ImageSiteMeteo> -->
        <!--     <AdressedelImageSiteMeteo>http://xxxxxxx</AdressedelImageSiteMeteo> -->
        <!--     <TypIllSiteMeteo>3</TypIllSiteMeteo> -->
        <!--     <FormatIllSiteMeteo>image/jpeg </FormatIllSiteMeteo> -->
        <!--     <ComImgSiteMeteo>Photo d'ensemble depuis le nord</ComImgSiteMeteo> -->
        <!--   </ImageSiteMeteo> -->
        <!-- </ImagesSiteMeteo> -->
        <!-- <ReseauxMesureSiteMeteo> -->
        <!--   <CodeSandreRdd>10</CodeSandreRdd> -->
        <!--   <CodeSandreRdd>100000003</CodeSandreRdd> -->
        <!-- </ReseauxMesureSiteMeteo> -->
        <!-- <RolesContactSiteMeteo> -->
        <!--   <RoleContactSiteMeteo> -->
        <!--     <CdContact schemeAgencyID="SANDRE">2</CdContact> -->
        <!--     <RoleContactSiteMeteo>ADM</RoleContactSiteMeteo> -->
        <!--   </RoleContactSiteMeteo> -->
        <!-- </RolesContactSiteMeteo> -->
        <!-- <CdSousSecteurHydro>J21</CdSousSecteurHydro> -->
        <CdCommune>35281</CdCommune>
        <GrdsMeteo>
          <GrdMeteo>
            <CdGrdMeteo>RR</CdGrdMeteo>
            <!-- <DtMiseServiceGrdMeteo>1994-04-05T16:00:00</DtMiseServiceGrdMeteo> -->
            <!-- <DtFermetureServiceGrdMeteo>2011-04-05T16:00:00</DtFermetureServiceGrdMeteo> -->
            <!-- <EssaiGrdMeteo>1</EssaiGrdMeteo> -->
            <!-- <PasDeTempsNominalGrdMeteo>4</PasDeTempsNominalGrdMeteo> -->
            <!-- <ClassesQualiteGrd> -->
            <!--   <ClasseQualiteGrd> -->
            <!--     <CdqClasseQualiteGrd>3</CdqClasseQualiteGrd> -->
            <!--     <DtVisiteSiteMeteo>1994-04-05T08:23:00</DtVisiteSiteMeteo> -->
            <!--     <DtDebutClasseQualiteGrd>1994-04-05T08:21:00</DtDebutClasseQualiteGrd> -->
            <!--     <DtFinClasseQualiteGrd>2010-04-05T08:28:00</DtFinClasseQualiteGrd> -->
            <!--   </ClasseQualiteGrd> -->
            <!-- </ClassesQualiteGrd> -->
          </GrdMeteo>
          <GrdMeteo>
            <CdGrdMeteo>VV</CdGrdMeteo>
            <!-- <DtMiseServiceGrdMeteo>1998-04-05T16:00:00</DtMiseServiceGrdMeteo> -->
            <!-- <DtFermetureServiceGrdMeteo>2008-04-05T16:00:00</DtFermetureServiceGrdMeteo> -->
            <!-- <EssaiGrdMeteo>0</EssaiGrdMeteo> -->
            <!-- <PasDeTempsNominalGrdMeteo>9</PasDeTempsNominalGrdMeteo> -->
            <!-- <ClassesQualiteGrd> -->
            <!--   <ClasseQualiteGrd> -->
            <!--     <CdqClasseQualiteGrd>4</CdqClasseQualiteGrd> -->
            <!--     <DtVisiteSiteMeteo>1994-04-05T08:54:00</DtVisiteSiteMeteo> -->
            <!--     <DtDebutClasseQualiteGrd>1994-04-05T08:52:00</DtDebutClasseQualiteGrd> -->
            <!--     <DtFinClasseQualiteGrd>2015-04-05T08:55:00</DtFinClasseQualiteGrd> -->
            <!--   </ClasseQualiteGrd> -->
            <!-- </ClassesQualiteGrd> -->
            <!-- <ValeursSeuilsGrdMeteo> -->
            <!--   <ValeurSeuilGrdMeteo> -->
            <!--     <CdSeuilGrdMeteo>28</CdSeuilGrdMeteo> -->
            <!--     <TypSeuilGrdMeteo>1</TypSeuilGrdMeteo> -->
            <!--     <NatureSeuilGrdMeteo>11</NatureSeuilGrdMeteo> -->
            <!--     <DureeSeuilGrdMeteo>60</DureeSeuilGrdMeteo> -->
            <!--     <LbUsuelSeuilGrdMeteo>Vitesse maximale avant arrachement</LbUsuelSeuilGrdMeteo> -->
            <!--     <MnSeuilGrdMeteo>V max</MnSeuilGrdMeteo> -->
            <!--     <IndGraviteSeuilGrdMeteo>85</IndGraviteSeuilGrdMeteo> -->
            <!--     <ComSeuilGrdMeteo>Commentaire seuil</ComSeuilGrdMeteo> -->
            <!--     <ValSeuilGrdMeteo>25.03</ValSeuilGrdMeteo> -->
            <!--   </ValeurSeuilGrdMeteo> -->
            <!-- </ValeursSeuilsGrdMeteo> -->
          </GrdMeteo>
        </GrdsMeteo>
        <!-- <VisitesSiteMeteo> -->
        <!--   <VisiteSiteMeteo> -->
        <!--     <DtVisiteSiteMeteo>2004-04-05T19:36:00</DtVisiteSiteMeteo> -->
        <!--     <CdContact schemeAgencyID="SANDRE">4</CdContact> -->
        <!--     <MethClassVisiteSiteMeteo>Méthode à préciser</MethClassVisiteSiteMeteo> -->
        <!--     <ModeOperatoireUtiliseVisiteSiteMeteo>Libellé libre</ModeOperatoireUtiliseVisiteSiteMeteo> -->
        <!--   </VisiteSiteMeteo> -->
        <!-- </VisitesSiteMeteo> -->
      </SiteMeteo>
    </SitesMeteo>
  </RefHyd>
</hydrometrie>
